{
  "index": {
    "_data": [
      {
        "id": "0",
        "_hash": "FKNu82tgz740WgwYMIhvQJ"
      },
      {
        "id": "1",
        "_hash": "WBGWf1QNMA0kmrMK5oE1mn"
      }
    ],
    "_hash": "5CZsK8Y-9BS55C2N52Y2Yp"
  },
  "value": {
    "_data": [
      {
        "a": "0",
        "_hash": "AFhW-fMzdCiz6bUZscp1Lf"
      },
      {
        "a": "1",
        "_hash": "mv6w8rID8lQxLsje1EHQMY"
      }
    ],
    "_hash": "xSNfMXowSPlvvhYPoMp6PX"
  },
  "indexLayer": {
    "_data": [
      {
        "indexRef": "FKNu82tgz740WgwYMIhvQJ",
        "_hash": "fPIQjBcHHcVmaISdG4Vwtg"
      },
      {
        "indexRef": "WBGWf1QNMA0kmrMK5oE1mn",
        "_hash": "DsrXOx9tJrXnAiQnFEhxcS"
      }
    ],
    "_hash": "PX2U1XssGyhFGIE2tFk6Z8"
  },
  "valueLayer": {
    "_data": [
      {
        "indexRef": "FKNu82tgz740WgwYMIhvQJ",
        "valueRef": "AFhW-fMzdCiz6bUZscp1Lf",
        "_hash": "9Y0NrNtPArR1l0C3ftox6A"
      },
      {
        "indexRef": "WBGWf1QNMA0kmrMK5oE1mn",
        "valueRef": "mv6w8rID8lQxLsje1EHQMY",
        "_hash": "lkJYmflwU6mUW0I0vlm_PJ"
      }
    ],
    "_hash": "CXExbaWZ5TgBHkkSGCqafE"
  },
  "valueLayer2": {
    "_data": [
      {
        "indexRef": "FKNu82tgz740WgwYMIhvQJ",
        "valueRef": "AFhW-fMzdCiz6bUZscp1Lf",
        "_hash": "9Y0NrNtPArR1l0C3ftox6A"
      },
      {
        "indexRef": "WBGWf1QNMA0kmrMK5oE1mn",
        "valueRef": "mv6w8rID8lQxLsje1EHQMY",
        "_hash": "lkJYmflwU6mUW0I0vlm_PJ"
      }
    ],
    "_hash": "CXExbaWZ5TgBHkkSGCqafE"
  },
  "indexLayerTable": {
    "_data": [
      {
        "indexLayer": "PX2U1XssGyhFGIE2tFk6Z8",
        "_hash": "Y7ejwKD9ZJH7TunvmB5Yhn"
      }
    ],
    "_hash": "8nEyXY21g2ju2zfqqvlCha"
  },
  "valueLayerTable": {
    "_data": [
      {
        "valueLayer": "CXExbaWZ5TgBHkkSGCqafE",
        "_hash": "PPywphdMv-ve6De9IhmNzd"
      },
      {
        "valueLayer": "CXExbaWZ5TgBHkkSGCqafE",
        "base": "PPywphdMv-ve6De9IhmNzd",
        "_hash": "HMuQLBzhzwAHXoq-Uvr_Nq"
      }
    ],
    "_hash": "p9FSaB73ReG9O1d3T2E2bT"
  },
  "repository": {
    "_data": [
      {
        "indexLayer": "Y7ejwKD9ZJH7TunvmB5Yhn",
        "valueLayer": "MISSING",
        "_hash": "Snm4D-K8pQgMjVo1UgAt6W"
      }
    ],
    "_hash": "vZ5poeDGUSAJu_Q4MvuHBE"
  }
}