{
  "sliceIds": {
    "_type": "sliceIds",
    "_data": [
      {
        "add": [
          "id0",
          "id1"
        ],
        "_hash": "MgHRBYSrhpyl4rvsOmAWcQ"
      }
    ],
    "_hash": "mZnUcc1ZcQFGukqJZR4y8H"
  },
  "layers": {
    "_type": "layers",
    "_data": [
      {
        "sliceIds": {
          "table": "sliceIds",
          "row": "MgHRBYSrhpyl4rvsOmAWcQ",
          "_hash": "3rhJz_8Q-cdt-xAUdKZbVf"
        },
        "ingredientsTable": "ingredients",
        "assign": {
          "_hash": "RBNvo1WzZ4oRRq0W9-hknp"
        },
        "_hash": "HmC8TJTXc2Ws8T0xijUuwc"
      },
      {
        "base": "HmC8TJTXc2Ws8T0xijUuwc",
        "sliceIds": {
          "table": "sliceIds",
          "row": "MgHRBYSrhpyl4rvsOmAWcQ",
          "_hash": "3rhJz_8Q-cdt-xAUdKZbVf"
        },
        "ingredientsTable": "ingredients",
        "assign": {
          "id0": "AFhW-fMzdCiz6bUZscp1Lf",
          "id1": "mv6w8rID8lQxLsje1EHQMY",
          "_hash": "MjlS39OaUdiaxDA9LrWxDH"
        },
        "_hash": "K80m2uGP94EybFYqoNuiM6"
      }
    ],
    "_hash": "w79JUU_FbrBmceCJzdIlsg"
  },
  "cakes": {
    "_type": "cakes",
    "_data": [
      {
        "sliceIds": {
          "table": "sliceIds",
          "row": "MgHRBYSrhpyl4rvsOmAWcQ",
          "_hash": "3rhJz_8Q-cdt-xAUdKZbVf"
        },
        "layersTable": "layers",
        "layers": {
          "layer0": "HmC8TJTXc2Ws8T0xijUuwc",
          "layer1": "K80m2uGP94EybFYqoNuiM6",
          "_hash": "Tx7GNbvTWysIzwFoJzDGcP"
        },
        "_hash": "evCVd8GPUfh3PGVEQKEBzQ"
      }
    ],
    "_hash": "2wnevXIXk5NthCK8lQbHXd"
  },
  "buffets": {
    "_type": "buffets",
    "_data": [
      {
        "items": [
          {
            "table": "cakes",
            "ref": "evCVd8GPUfh3PGVEQKEBzQ",
            "_hash": "D80dvV_A0Fe0q98N1Yygdu"
          },
          {
            "table": "layers",
            "ref": "HmC8TJTXc2Ws8T0xijUuwc",
            "_hash": "C28Bb6nui9J5P7FsJewNeV"
          }
        ],
        "_hash": "a2o2trI7Zsq63j3_kDtBY8"
      }
    ],
    "_hash": "J6XFaF4GRJ2tgSpa3BfRD5"
  }
}