{
  "sliceIds": {
    "_type": "sliceIds",
    "_data": [
      {
        "add": [
          "id0",
          "id1"
        ],
        "_hash": "MgHRBYSrhpyl4rvsOmAWcQ"
      }
    ],
    "_hash": "mZnUcc1ZcQFGukqJZR4y8H"
  },
  "layers": {
    "_type": "layers",
    "_data": [
      {
        "sliceIdsTable": "sliceIds",
        "sliceIdsTableRow": "MgHRBYSrhpyl4rvsOmAWcQ",
        "componentsTable": "components",
        "add": {
          "id0": "AFhW-fMzdCiz6bUZscp1Lf",
          "id1": "mv6w8rID8lQxLsje1EHQMY",
          "_hash": "MjlS39OaUdiaxDA9LrWxDH"
        },
        "_hash": "kL7Pm-wqogHR4o1YLcRdVE"
      },
      {
        "base": "kL7Pm-wqogHR4o1YLcRdVE",
        "sliceIdsTable": "sliceIds",
        "sliceIdsTableRow": "MgHRBYSrhpyl4rvsOmAWcQ",
        "componentsTable": "components",
        "add": {
          "id0": "AFhW-fMzdCiz6bUZscp1Lf",
          "id1": "mv6w8rID8lQxLsje1EHQMY",
          "_hash": "MjlS39OaUdiaxDA9LrWxDH"
        },
        "_hash": "hAHbf1zyUQAUIQkZ1AqHU8"
      }
    ],
    "_hash": "eCP1OrYT-w2XJPMjkpgg29"
  },
  "cakes": {
    "_type": "cakes",
    "_data": [
      {
        "sliceIdsTable": "sliceIds",
        "sliceIdsRow": "MgHRBYSrhpyl4rvsOmAWcQ",
        "layersTable": "layers",
        "layers": {
          "layer0": "kL7Pm-wqogHR4o1YLcRdVE",
          "layer1": "hAHbf1zyUQAUIQkZ1AqHU8",
          "_hash": "AiJcZ6WSzhjitiJfQOsR-5"
        },
        "_hash": "jCCdbbDfBKT6GIZEFCK2qK"
      }
    ],
    "_hash": "-AMAGNd9xyolDLwiXAqXQC"
  },
  "buffets": {
    "_type": "buffets",
    "_data": [
      {
        "items": [
          {
            "table": "cakes",
            "ref": "jCCdbbDfBKT6GIZEFCK2qK",
            "_hash": "h1ca2prmib_kzPWupB_KHm"
          },
          {
            "table": "layers",
            "ref": "kL7Pm-wqogHR4o1YLcRdVE",
            "_hash": "C8sxTVZwMdNjYIBgf-fw8T"
          }
        ],
        "_hash": "jB4Sw0hCByNe5afw5n1WDa"
      }
    ],
    "_hash": "JdnFZv68QWQoNCLWhmYmTh"
  }
}