{
  "sliceIds": {
    "_type": "sliceIds",
    "_data": [
      {
        "add": [
          "id0",
          "id1"
        ],
        "_hash": "MgHRBYSrhpyl4rvsOmAWcQ"
      }
    ],
    "_hash": "mZnUcc1ZcQFGukqJZR4y8H"
  },
  "ingredients": {
    "_type": "ingredients",
    "_data": [
      {
        "a": "0",
        "_hash": "AFhW-fMzdCiz6bUZscp1Lf"
      }
    ],
    "_hash": "7CvjDHHhSrOMoT3kWwnOA0"
  },
  "layers": {
    "_type": "layers",
    "_data": [
      {
        "sliceIds": {
          "table": "sliceIds",
          "row": "MgHRBYSrhpyl4rvsOmAWcQ",
          "_hash": "3rhJz_8Q-cdt-xAUdKZbVf"
        },
        "ingredientsTable": "ingredients",
        "assign": {
          "id0": "AFhW-fMzdCiz6bUZscp1Lf",
          "id1": "mv6w8rID8lQxLsje1EHQMY",
          "_hash": "MjlS39OaUdiaxDA9LrWxDH"
        },
        "_hash": "CjHAE2K9hhxIHK55kUVfsi"
      },
      {
        "base": "CjHAE2K9hhxIHK55kUVfsi",
        "sliceIds": {
          "table": "sliceIds",
          "row": "MgHRBYSrhpyl4rvsOmAWcQ",
          "_hash": "3rhJz_8Q-cdt-xAUdKZbVf"
        },
        "ingredientsTable": "ingredients",
        "assign": {
          "id0": "AFhW-fMzdCiz6bUZscp1Lf",
          "id1": "mv6w8rID8lQxLsje1EHQMY",
          "_hash": "MjlS39OaUdiaxDA9LrWxDH"
        },
        "_hash": "hIUk7kN1LMkWQ0wsSnCQBX"
      }
    ],
    "_hash": "csO-6_T32WCdiQ2u93pnRM"
  },
  "cakes": {
    "_type": "cakes",
    "_data": [
      {
        "sliceIds": {
          "table": "sliceIds",
          "row": "MgHRBYSrhpyl4rvsOmAWcQ",
          "_hash": "3rhJz_8Q-cdt-xAUdKZbVf"
        },
        "layersTable": "layers",
        "layers": {
          "layer0": "CjHAE2K9hhxIHK55kUVfsi",
          "layer1": "hIUk7kN1LMkWQ0wsSnCQBX",
          "_hash": "BNKJyTWWERv6yqz12esB_K"
        },
        "_hash": "3KhjEqEO-4pk5kRsIO0eHm"
      }
    ],
    "_hash": "o40j9QklS4H4F9kWTHdluj"
  },
  "buffets": {
    "_type": "buffets",
    "_data": [
      {
        "items": [
          {
            "table": "cakes",
            "ref": "3KhjEqEO-4pk5kRsIO0eHm",
            "_hash": "PhyQ1u5YJJsZzyFWy4ekiN"
          },
          {
            "table": "layers",
            "ref": "CjHAE2K9hhxIHK55kUVfsi",
            "_hash": "T3OvtD0-Ntm7XHwaepdQHb"
          }
        ],
        "_hash": "GsmKekDD7tuOcOHkUkEJzY"
      }
    ],
    "_hash": "UGU01-Gv3sNd7ybf3jVO6V"
  },
  "_hash": "szq9qxIewn6AZwMV9v7WBE"
}