{
  "sliceIds": {
    "_type": "sliceIds",
    "_data": [
      {
        "add": [
          "id0",
          "id1"
        ],
        "_hash": "MgHRBYSrhpyl4rvsOmAWcQ"
      }
    ],
    "_hash": "mZnUcc1ZcQFGukqJZR4y8H"
  },
  "ingredients": {
    "_type": "ingredients",
    "_data": [
      {
        "a": "0",
        "_hash": "AFhW-fMzdCiz6bUZscp1Lf"
      },
      {
        "a": "1",
        "_hash": "mv6w8rID8lQxLsje1EHQMY"
      }
    ],
    "_hash": "YmWIYay0zsd2GmxoY6JLJg"
  },
  "layers": {
    "_type": "layers",
    "_data": [
      {
        "sliceIdsTable": "sliceIds",
        "sliceIds": "MgHRBYSrhpyl4rvsOmAWcQ",
        "ingredientsTable": "ingredients",
        "assign": {
          "_hash": "RBNvo1WzZ4oRRq0W9-hknp"
        },
        "_hash": "8LKsO9yFkscmHdqv7y7jJC"
      },
      {
        "base": "8LKsO9yFkscmHdqv7y7jJC",
        "sliceIdsTable": "sliceIds",
        "sliceIds": "MISSING1",
        "ingredientsTable": "ingredients",
        "assign": {
          "id0": "AFhW-fMzdCiz6bUZscp1Lf",
          "id1": "mv6w8rID8lQxLsje1EHQMY",
          "_hash": "MjlS39OaUdiaxDA9LrWxDH"
        },
        "_hash": "pyjy7E78z-Xwepjs7NG3zR"
      }
    ],
    "_hash": "uY4LVqbdjRC5A49piFohhZ"
  },
  "cakes": {
    "_type": "cakes",
    "_data": [
      {
        "sliceIdsTable": "sliceIds",
        "sliceIds": "MgHRBYSrhpyl4rvsOmAWcQ",
        "layersTable": "layers",
        "layers": {
          "layer0": "8LKsO9yFkscmHdqv7y7jJC",
          "layer1": "vcYrzG6enGEXwYGZFiXSxu",
          "_hash": "Razs6e7GZu13jcaUELYlvM"
        },
        "_hash": "ORaM68_LuG7zursLK9rE-5"
      }
    ],
    "_hash": "hZyHu618cGFQN67l0b8-um"
  },
  "buffets": {
    "_type": "buffets",
    "_data": [
      {
        "items": [
          {
            "table": "cakes",
            "ref": "ORaM68_LuG7zursLK9rE-5",
            "_hash": "440d24DrTSK3_7H1edFp9O"
          },
          {
            "table": "layers",
            "ref": "8LKsO9yFkscmHdqv7y7jJC",
            "_hash": "3IhxOP4nxsm4jRVMeBkCIt"
          }
        ],
        "_hash": "f157EUnNIjKZ_tEb_DrRh_"
      }
    ],
    "_hash": "E7rWmZZIZ7jhOOWxNiWYyh"
  },
  "_hash": "_S_JC9zS0xzPIi_J9wZThI"
}