{
  "_type": "edits",
  "_data": [
    {
      "value": {
        "name": "Flour A",
        "amountUnit": "g",
        "nutritionalValuesRef": "R165gWZn_Pcj_je3AwSsXI",
        "_hash": "D2Rp36U1DBa69zAya-16EJ"
      },
      "route": "/ingredients",
      "_hash": "OwP6201JHqETUVskmsJ3I-"
    },
    {
      "value": {
        "name": "Flour B",
        "amountUnit": "g",
        "nutritionalValuesRef": "R165gWZn_Pcj_je3AwSsXI",
        "_hash": "13QvUBkArAAIq_cUnLr7BR"
      },
      "previous": "D2Rp36U1DBa69zAya-16EJ",
      "route": "/ingredients",
      "_hash": "cwpbY6ZsK2E-KY5taqaPgH"
    }
  ],
  "_hash": "5XcmsnMuxBMKL15HkBoFQ5"
}