{
  "brok$en": {
    "_type": "properties",
    "_data": []
  }
}