{
  "idSets": {
    "_type": "idSets",
    "_data": [
      {
        "add": [
          "id0",
          "id1"
        ],
        "_hash": "MgHRBYSrhpyl4rvsOmAWcQ"
      }
    ],
    "_hash": "ha3u_Et6DXSHLr2ncTV6MB"
  },
  "properties": {
    "_type": "properties",
    "_data": [
      {
        "a": "0",
        "_hash": "AFhW-fMzdCiz6bUZscp1Lf"
      },
      {
        "a": "1",
        "_hash": "mv6w8rID8lQxLsje1EHQMY"
      }
    ],
    "_hash": "QnrUL_NvlY6K1qSnjgFDP8"
  },
  "layers": {
    "_type": "layers",
    "_data": [
      {
        "idSetsTable": "idSets",
        "idSet": "MgHRBYSrhpyl4rvsOmAWcQ",
        "propertiesTable": "properties",
        "assign": {
          "_hash": "RBNvo1WzZ4oRRq0W9-hknp"
        },
        "_hash": "Bqv4AEhsA71SnW2VScKrzA"
      },
      {
        "base": "Bqv4AEhsA71SnW2VScKrzA",
        "idSetsTable": "idSets",
        "idSet": "MgHRBYSrhpyl4rvsOmAWcQ",
        "propertiesTable": "properties",
        "assign": {
          "id0": "AFhW-fMzdCiz6bUZscp1Lf",
          "id1": "mv6w8rID8lQxLsje1EHQMY",
          "_hash": "MjlS39OaUdiaxDA9LrWxDH"
        },
        "_hash": "nInjR03jNCy6SXhoOXSj0O"
      }
    ],
    "_hash": "e9BE0onEU51zoJ_t5HeCeW"
  },
  "cakes": {
    "_type": "cakes",
    "_data": [
      {
        "idSetsTable": "idSets",
        "idSet": "MgHRBYSrhpyl4rvsOmAWcQ",
        "layersTable": "MISSING",
        "layers": {
          "layer0": "Bqv4AEhsA71SnW2VScKrzA",
          "layer1": "nInjR03jNCy6SXhoOXSj0O",
          "_hash": "KJL_bb1AFJ4HYnx49-cLo-"
        },
        "_hash": "tYFqNYt3uCVwbomR0dArze"
      }
    ],
    "_hash": "4cOTKtz6WU18LObDzzKu6_"
  },
  "buffets": {
    "_type": "buffets",
    "_data": [
      {
        "items": [
          {
            "table": "cakes",
            "ref": "8MOB1M-nJTDWUdcLCIS2HW",
            "_hash": "aHZFNlxCVnvsjEhWAiRnb1"
          },
          {
            "table": "layers",
            "ref": "Bqv4AEhsA71SnW2VScKrzA",
            "_hash": "P-Dv2EnESCFscgEuGKvvv5"
          }
        ],
        "_hash": "4bsyH_-j4QxkuEBwFI4Ht0"
      }
    ],
    "_hash": "bweq6MqbkgAU_BnnWbebZ3"
  }
}