{
  "sliceIds": {
    "_type": "sliceIds",
    "_data": [
      {
        "add": [
          "id0",
          "id1"
        ],
        "_hash": "MgHRBYSrhpyl4rvsOmAWcQ"
      }
    ],
    "_hash": "mZnUcc1ZcQFGukqJZR4y8H"
  },
  "components": {
    "_type": "components",
    "_data": [
      {
        "a": "0",
        "_hash": "AFhW-fMzdCiz6bUZscp1Lf"
      },
      {
        "a": "1",
        "_hash": "mv6w8rID8lQxLsje1EHQMY"
      }
    ],
    "_hash": "-5Vx8KxAnjys562WbnoSTR"
  },
  "layers": {
    "_type": "layers",
    "_data": [
      {
        "sliceIdsTable": "sliceIds",
        "sliceIdsTableRow": "MgHRBYSrhpyl4rvsOmAWcQ",
        "componentsTable": "components",
        "assign": {
          "id0": "AFhW-fMzdCiz6bUZscp1Lf",
          "id1": "mv6w8rID8lQxLsje1EHQMY",
          "_hash": "MjlS39OaUdiaxDA9LrWxDH"
        },
        "_hash": "xkO1IYt1RvjR_uf5mGSDaG"
      },
      {
        "base": "xkO1IYt1RvjR_uf5mGSDaG",
        "sliceIdsTable": "sliceIds",
        "sliceIdsTableRow": "MgHRBYSrhpyl4rvsOmAWcQ",
        "componentsTable": "components",
        "assign": {
          "id0": "AFhW-fMzdCiz6bUZscp1Lf",
          "id1": "mv6w8rID8lQxLsje1EHQMY",
          "_hash": "MjlS39OaUdiaxDA9LrWxDH"
        },
        "_hash": "IFoCIa-kc4v5fBeyMCmgW6"
      }
    ],
    "_hash": "59BVRICvJ9dwHqI9SbH_41"
  },
  "cakes": {
    "_type": "cakes",
    "_data": [
      {
        "sliceIdsTable": "sliceIds",
        "sliceIdsRow": "MgHRBYSrhpyl4rvsOmAWcQ",
        "layersTable": "layers",
        "layers": {
          "layer0": "MISSING0",
          "layer1": "MISSING1",
          "_hash": "shG3giFAqO-xc2gR4_I1yU"
        },
        "_hash": "uvc4y8GqrlijaOHtPPUcKn"
      }
    ],
    "_hash": "HqfRXfwHdyTb2cPiuQCVQN"
  },
  "buffets": {
    "_type": "buffets",
    "_data": [
      {
        "items": [
          {
            "table": "cakes",
            "ref": "NEnWt_FaarNHlKtQv9FUWe",
            "_hash": "0Wnrgn758thPOHLnJR4zWE"
          },
          {
            "table": "layers",
            "ref": "xkO1IYt1RvjR_uf5mGSDaG",
            "_hash": "A0ZMqFkDEuvApbvFyKzNmO"
          }
        ],
        "_hash": "XcrQVzmKvIHOqJxnUeNKRt"
      }
    ],
    "_hash": "estnlx1BdROg9qTjKZDdXm"
  }
}