{
  "sliceIds": {
    "_type": "sliceIds",
    "_data": [
      {
        "add": [
          "id0",
          "id1"
        ],
        "_hash": "MgHRBYSrhpyl4rvsOmAWcQ"
      }
    ],
    "_hash": "mZnUcc1ZcQFGukqJZR4y8H"
  },
  "components": {
    "_type": "components",
    "_data": [
      {
        "a": "0",
        "_hash": "AFhW-fMzdCiz6bUZscp1Lf"
      },
      {
        "a": "1",
        "_hash": "mv6w8rID8lQxLsje1EHQMY"
      }
    ],
    "_hash": "-5Vx8KxAnjys562WbnoSTR"
  },
  "abLayers": {
    "_type": "layers",
    "_data": [
      {
        "sliceIdsTable": "sliceIds",
        "sliceIdsTableRow": "MgHRBYSrhpyl4rvsOmAWcQ",
        "componentsTable": "components",
        "add": {
          "id0": "AFhW-fMzdCiz6bUZscp1Lf",
          "id1": "mv6w8rID8lQxLsje1EHQMY",
          "_hash": "MjlS39OaUdiaxDA9LrWxDH"
        },
        "_hash": "kL7Pm-wqogHR4o1YLcRdVE"
      },
      {
        "base": "kL7Pm-wqogHR4o1YLcRdVE",
        "sliceIdsTable": "sliceIds",
        "sliceIdsTableRow": "MgHRBYSrhpyl4rvsOmAWcQ",
        "componentsTable": "components",
        "add": {
          "id0": "AFhW-fMzdCiz6bUZscp1Lf",
          "id1": "mv6w8rID8lQxLsje1EHQMY",
          "_hash": "MjlS39OaUdiaxDA9LrWxDH"
        },
        "_hash": "hAHbf1zyUQAUIQkZ1AqHU8"
      }
    ],
    "_hash": "eCP1OrYT-w2XJPMjkpgg29"
  },
  "cakes": {
    "_type": "cakes",
    "_data": [
      {
        "sliceIdsTable": "sliceIds",
        "sliceIdsRow": "MISSING",
        "layers": {
          "abLayers": "hAHbf1zyUQAUIQkZ1AqHU8",
          "_hash": "MYkyLp0gvIo4hP4EGI4Kyu"
        },
        "_hash": "Wf1pAtGKcy7HUQV-oI5Ly6"
      }
    ],
    "_hash": "FZSxVNYYpoJsJ5hWjN6BlQ"
  },
  "buffets": {
    "_type": "buffets",
    "_data": [
      {
        "items": [
          {
            "table": "cakes",
            "ref": "Wf1pAtGKcy7HUQV-oI5Ly6",
            "_hash": "fvvzjVnqhjiKT9DkkLwnDH"
          },
          {
            "table": "abLayers",
            "ref": "kL7Pm-wqogHR4o1YLcRdVE",
            "_hash": "MwzT0WbppBWOjKvTtrvTU2"
          }
        ],
        "_hash": "Z8MxxEdycdrtZ2ViAQO_xy"
      }
    ],
    "_hash": "rr7HRMHOO-R9gjLsb8mIC_"
  }
}