{
  "idSets": {
    "_type": "idSets",
    "_data": [
      {
        "add": [
          "id0",
          "id1"
        ],
        "_hash": "MgHRBYSrhpyl4rvsOmAWcQ"
      }
    ],
    "_hash": "ha3u_Et6DXSHLr2ncTV6MB"
  },
  "ingredients": {
    "_type": "ingredients",
    "_data": [
      {
        "a": "0",
        "_hash": "AFhW-fMzdCiz6bUZscp1Lf"
      },
      {
        "a": "1",
        "_hash": "mv6w8rID8lQxLsje1EHQMY"
      }
    ],
    "_hash": "QnrUL_NvlY6K1qSnjgFDP8"
  },
  "layers": {
    "_type": "layers",
    "_data": [
      {
        "idSetsTable": "idSets",
        "idSet": "MgHRBYSrhpyl4rvsOmAWcQ",
        "ingredientsTable": "ingredients",
        "assign": {
          "_hash": "RBNvo1WzZ4oRRq0W9-hknp"
        },
        "_hash": "Bqv4AEhsA71SnW2VScKrzA"
      },
      {
        "base": "Bqv4AEhsA71SnW2VScKrzA",
        "idSetsTable": "idSets",
        "idSet": "MgHRBYSrhpyl4rvsOmAWcQ",
        "ingredientsTable": "ingredients",
        "assign": {
          "id0": "AFhW-fMzdCiz6bUZscp1Lf",
          "id1": "mv6w8rID8lQxLsje1EHQMY",
          "_hash": "MjlS39OaUdiaxDA9LrWxDH"
        },
        "_hash": "nInjR03jNCy6SXhoOXSj0O"
      }
    ],
    "_hash": "hpwoIh_eQgNQV96OJh6HZh"
  },
  "cakes": {
    "_type": "cakes",
    "_data": [
      {
        "idSetsTable": "idSets",
        "idSet": "MgHRBYSrhpyl4rvsOmAWcQ",
        "layersTable": "layers",
        "layers": {
          "layer0": "MISSING0",
          "layer1": "MISSING1",
          "_hash": "shG3giFAqO-xc2gR4_I1yU"
        },
        "_hash": "NQ4GHrHLdtKKRs131yQ6pp"
      }
    ],
    "_hash": "sj_50xsIJBjjp5Xqo6OqlI"
  },
  "buffets": {
    "_type": "buffets",
    "_data": [
      {
        "items": [
          {
            "table": "cakes",
            "ref": "oHhKZqmZgX-w4YTggIO_YQ",
            "_hash": "DXNDAFNSLYaZhciBFVsDhD"
          },
          {
            "table": "layers",
            "ref": "Bqv4AEhsA71SnW2VScKrzA",
            "_hash": "6Hb8w4ofefgsdiHe2L8mHM"
          }
        ],
        "_hash": "04vIzK7cG-GOeT_xyOG_DT"
      }
    ],
    "_hash": "MtnOj3mkb9hQiDFGC6_3TD"
  }
}