{
  "idSets": {
    "_type": "idSets",
    "_data": [
      {
        "add": [
          "id0",
          "id1"
        ],
        "_hash": "MgHRBYSrhpyl4rvsOmAWcQ"
      }
    ],
    "_hash": "ha3u_Et6DXSHLr2ncTV6MB"
  },
  "properties": {
    "_type": "properties",
    "_data": [
      {
        "a": "0",
        "_hash": "AFhW-fMzdCiz6bUZscp1Lf"
      },
      {
        "a": "1",
        "_hash": "mv6w8rID8lQxLsje1EHQMY"
      }
    ],
    "_hash": "QnrUL_NvlY6K1qSnjgFDP8"
  },
  "collections": {
    "_type": "collections",
    "_data": [
      {
        "idSetsTable": "idSets",
        "idSet": "MgHRBYSrhpyl4rvsOmAWcQ",
        "properties": "properties",
        "assign": {
          "_hash": "RBNvo1WzZ4oRRq0W9-hknp"
        },
        "_hash": "C783GNxTV3iEJedv3dvIWP"
      },
      {
        "base": "C783GNxTV3iEJedv3dvIWP",
        "idSetsTable": "idSets",
        "idSet": "MgHRBYSrhpyl4rvsOmAWcQ",
        "properties": "properties",
        "assign": {
          "id0": "AFhW-fMzdCiz6bUZscp1Lf",
          "id1": "mv6w8rID8lQxLsje1EHQMY",
          "_hash": "MjlS39OaUdiaxDA9LrWxDH"
        },
        "_hash": "X4mk1De7lwTS-4QL7H0bBV"
      }
    ],
    "_hash": "wBBp3NZPvLRO0m4kNxwPRt"
  },
  "cakes": {
    "_type": "cakes",
    "_data": [
      {
        "idSetsTable": "idSets",
        "idSet": "MISSING",
        "collections": "collections",
        "layers": {
          "layer0": "C783GNxTV3iEJedv3dvIWP",
          "layer1": "X4mk1De7lwTS-4QL7H0bBV",
          "_hash": "Ffuv-UQjHOyJdqhNDVfWu6"
        },
        "_hash": "i-Mv7mtpQ6xQi1KXMG3qlI"
      }
    ],
    "_hash": "jnUfYFb43qmy4xDJK-Ie5A"
  },
  "buffets": {
    "_type": "buffets",
    "_data": [
      {
        "items": [
          {
            "table": "cakes",
            "ref": "d5O9UvKe1t086LXlzu7rW6",
            "_hash": "M955R__xYkkmnWkCfTHyh6"
          },
          {
            "table": "collections",
            "ref": "C783GNxTV3iEJedv3dvIWP",
            "_hash": "h5MSR17MATHSoIQDD77iQ8"
          }
        ],
        "_hash": "N4UxXFfCS7cebMZsyjHMyp"
      }
    ],
    "_hash": "kGqSqF2iCocexsQ7uuENYE"
  }
}