{
  "tableCfgs": {
    "_hash": "Y7hehzJ9GVOq4OeRQu1EMT",
    "_type": "properties",
    "_data": [
      {
        "version": 0,
        "_hash": "eha2XgPvob1n-yn2AzspLX",
        "key": "table",
        "type": "properties",
        "columns": {
          "int": {
            "key": "int",
            "type": "number",
            "_hash": "J-rki_omMRDnv_GF0hqn39"
          },
          "double": {
            "key": "double",
            "type": "number",
            "_hash": "XD0G8ZLa0-tKYnVUuEwkdS"
          },
          "string": {
            "key": "string",
            "type": "string",
            "_hash": "eg0iPUTzUY2j_xTKwRIrUp"
          },
          "boolean": {
            "key": "boolean",
            "type": "boolean",
            "_hash": "16MfBHbWYzez1R4r8NoPYp"
          },
          "null": {
            "key": "null",
            "type": "null",
            "_hash": "Q2K3CkVvxAMO6cXyz4YEtD"
          },
          "jsonArray": {
            "key": "jsonArray",
            "type": "jsonArray",
            "_hash": "PMwRJkviMj35S60qjN3UpG"
          },
          "json": {
            "key": "json",
            "type": "json",
            "_hash": "NuhgezXe-Mkdf-hg96MNLG"
          },
          "jsonValue": {
            "key": "jsonValue",
            "type": "jsonValue",
            "_hash": "1LtHkc_tVAXXqH2OFXQ8rG"
          },
          "_hash": "M6F71_Sctug6JhgCiGmAJy"
        }
      }
    ]
  },
  "table": {
    "_type": "properties",
    "_tableCfg": "eha2XgPvob1n-yn2AzspLX",
    "_data": [
      {
        "int": 5,
        "double": 5.5,
        "string": "a",
        "boolean": true,
        "null": null,
        "jsonArray": [
          1,
          "a",
          true,
          null,
          [
            1,
            "a",
            true,
            null
          ],
          {
            "a": 1
          }
        ],
        "json": {
          "a": 1,
          "b": {
            "c": 2
          }
        },
        "jsonValue": 3
      }
    ],
    "_hash": ""
  }
}