{
  "tableCfgs": {
    "_hash": "xkQOSJNN3tNFg2XX7-q9Hh",
    "_type": "ingredients",
    "_data": [
      {
        "version": 0,
        "_hash": "0kaOn7378IGbhVyspA8_FH",
        "key": "table",
        "type": "ingredients",
        "columns": {
          "int": {
            "key": "int",
            "type": "numberBroken",
            "_hash": "sfSVk2YGseFgIoGqGXY3oT"
          },
          "double": {
            "key": "double",
            "type": "number",
            "_hash": "XD0G8ZLa0-tKYnVUuEwkdS"
          },
          "string": {
            "key": "string",
            "type": "string",
            "_hash": "eg0iPUTzUY2j_xTKwRIrUp"
          },
          "boolean": {
            "key": "boolean",
            "type": "boolean",
            "_hash": "16MfBHbWYzez1R4r8NoPYp"
          },
          "null": {
            "key": "null",
            "type": "null",
            "_hash": "Q2K3CkVvxAMO6cXyz4YEtD"
          },
          "jsonArray": {
            "key": "jsonArray",
            "type": "jsonArray",
            "_hash": "PMwRJkviMj35S60qjN3UpG"
          },
          "json": {
            "key": "json",
            "type": "json",
            "_hash": "NuhgezXe-Mkdf-hg96MNLG"
          },
          "jsonValue": {
            "key": "jsonValue",
            "type": "jsonValue",
            "_hash": "1LtHkc_tVAXXqH2OFXQ8rG"
          },
          "_hash": "sQl3M7s5tJ-xTeReVSxQDL"
        }
      }
    ]
  },
  "table": {
    "_type": "ingredients",
    "_tableCfg": "4qqBj31UpKNYFv5dHJn04Z",
    "_data": [
      {
        "int": 5,
        "double": 5.5,
        "string": "a",
        "boolean": true,
        "null": null,
        "jsonArray": [
          1,
          "a",
          true,
          null,
          [
            1,
            "a",
            true,
            null
          ],
          {
            "a": 1,
            "_hash": "AVq9f1zFei3ZS3WQ8ErYCE"
          }
        ],
        "json": {
          "a": 1,
          "b": {
            "c": 2,
            "_hash": "C6G5zv8ldNiEviNtTxyoj3"
          },
          "_hash": "hGgAD2SBqPnVvwk8nYUICW"
        },
        "jsonValue": 3,
        "_hash": "r63TJIT73TYatXyqS4251G"
      }
    ],
    "_hash": "zc_-kjVr1HmAfQi7qaOfBZ"
  },
  "_hash": "03UDBVZKxDNQF5SDegwCuM"
}