{
  "_data": [
    {
      "id": "salesCounter",
      "items": [
        {
          "table": "cakes",
          "ref": "FShJOllEImdno0ZPZS0Ucr",
          "_hash": "etXmZamn5TADEsRvVwqRYF"
        }
      ],
      "_hash": "z99Uy6hMEVPcBfFzsBxIyZ"
    }
  ],
  "_hash": "ZQx14ILXKW4IuCFnbZdinu"
}