{
  "_type": "cakes",
  "_data": [
    {
      "idSetsTable": "slices",
      "idSet": "wyYfK5E4ArrMKQ_zvi2-EE",
      "collectionsTable": "layers",
      "layers": {
        "flour": "vGMiig9oROJLAPIcKzpU0W",
        "_hash": "eOHYrQ0c_fiZzlCr4c5zNI"
      },
      "_hash": "Q1ytRgZHjXwvX_je09ZjuF"
    }
  ],
  "_hash": "kxAcmifVv3hu9KMV9yttlh"
}