{
  "key": "example",
  "type": "cakes",
  "columns": [
    {
      "key": "_hash",
      "type": "string",
      "titleLong": "Hash",
      "titleShort": "Hash"
    },
    {
      "key": "sliceIdsTable",
      "type": "string",
      "titleLong": "Slice Ids Table",
      "titleShort": "Slice Ids Table"
    },
    {
      "key": "sliceIdsRow",
      "type": "string",
      "titleLong": "Slice Ids Row",
      "titleShort": "Slice Ids Row"
    },
    {
      "key": "layers",
      "type": "json",
      "titleLong": "Layers",
      "titleShort": "Layers"
    },
    {
      "key": "id",
      "type": "string",
      "titleLong": "ID",
      "titleShort": "ID"
    }
  ],
  "isHead": false,
  "isRoot": false,
  "isShared": true
}