{
  "_data": [
    {
      "id": "flour",
      "energy": 364,
      "fat": 0.98,
      "protein": 10.33,
      "carbohydrates": 76.31,
      "_hash": "R165gWZn_Pcj_je3AwSsXI"
    },
    {
      "id": "flour",
      "energy": 364.1,
      "fat": 0.981,
      "protein": 10.331,
      "carbohydrates": 76.311,
      "_hash": "IqeoWJjZQNlr-NVk2QT15B"
    }
  ],
  "_hash": "mWK3IcMjG0-okFnh5XJA7r"
}