{
  "key": "tableHistory",
  "type": "history",
  "columns": [
    {
      "key": "_hash",
      "type": "string",
      "titleLong": "Hash",
      "titleShort": "Hash"
    },
    {
      "key": "timeId",
      "type": "string",
      "titleLong": "Time ID",
      "titleShort": "Time ID"
    },
    {
      "key": "tableRef",
      "type": "string",
      "titleLong": "Reference",
      "titleShort": "Ref"
    },
    {
      "key": "route",
      "type": "string",
      "titleLong": "Route",
      "titleShort": "Route"
    },
    {
      "key": "origin",
      "type": "string",
      "titleLong": "Origin",
      "titleShort": "Origin"
    },
    {
      "key": "previous",
      "type": "jsonArray",
      "titleLong": "Previous",
      "titleShort": "Previous"
    }
  ],
  "isHead": false,
  "isRoot": false,
  "isShared": false
}