{
  "_type": "idSets",
  "_data": [
    {
      "add": [
        "slice0",
        "slice1"
      ],
      "remove": []
    }
  ]
}