{
  "_type": "ingredients",
  "_data": [
    {
      "id": "flour",
      "energy": 364,
      "fat": 0.98,
      "protein": 10.33,
      "carbohydrates": 76.31,
      "_hash": "R165gWZn_Pcj_je3AwSsXI"
    }
  ],
  "_hash": "aSecKyiBNa5CfXZ5Ty1Zrc"
}