{
  "_data": [
    {
      "carIndexRef": "Odlff4D-HNegyejRQ-5OhS",
      "carGeneralRef": "GRZx0nnsDNXu7A_XtJq0ew",
      "_hash": "66L1zLPAXQGCr1i5McLwJ7"
    },
    {
      "carIndexRef": "DizwEA1fNsBkMIUXYdL5KK",
      "carGeneralRef": "JWRWlfLU0hJTf1FqpU-Ftp",
      "_hash": "Pcd7kTmoctJgm1ql9OB8EG"
    }
  ],
  "_hash": "47YcDGPtTxiNz-gsGBU120"
}