{
  "_type": "stack",
  "_data": [
    {
      "carGeneralLayer": "47YcDGPtTxiNz-gsGBU120",
      "_hash": "hwhEVLgx7DpJe1p1rd5Zet"
    }
  ],
  "_hash": "Yv9H7EeP7kVRo1q5_PkFnS"
}