{
  "_hash": "5ixSjPAl9teLy8f2EUWfwp",
  "_type": "ingredients",
  "_data": [
    {
      "version": 0,
      "_hash": "jKz-5CFKzEhkglb7OMILLa",
      "key": "table",
      "type": "ingredients",
      "isHead": false,
      "isRoot": false,
      "isShared": true,
      "columns": [
        {
          "key": "int",
          "type": "number",
          "_hash": "J-rki_omMRDnv_GF0hqn39"
        },
        {
          "key": "double",
          "type": "number",
          "_hash": "XD0G8ZLa0-tKYnVUuEwkdS"
        },
        {
          "key": "string",
          "type": "string",
          "_hash": "eg0iPUTzUY2j_xTKwRIrUp"
        },
        {
          "key": "boolean",
          "type": "boolean",
          "_hash": "16MfBHbWYzez1R4r8NoPYp"
        },
        {
          "key": "null",
          "type": "null",
          "_hash": "Q2K3CkVvxAMO6cXyz4YEtD"
        },
        {
          "key": "jsonArray",
          "type": "jsonArray",
          "_hash": "PMwRJkviMj35S60qjN3UpG"
        },
        {
          "key": "json",
          "type": "json",
          "_hash": "NuhgezXe-Mkdf-hg96MNLG"
        },
        {
          "key": "jsonValue",
          "type": "jsonValue",
          "_hash": "1LtHkc_tVAXXqH2OFXQ8rG"
        }
      ]
    }
  ]
}