{
  "tableA": {
    "_type": "components",
    "_data": [
      {
        "keyA0": "a0"
      },
      {
        "keyA1": "a1"
      }
    ]
  },
  "tableB": {
    "_type": "components",
    "_data": [
      {
        "keyB0": "b0"
      },
      {
        "keyB1": "b1"
      }
    ]
  },
  "tableC": {
    "_type": "components",
    "_data": [
      {
        "tableRef": [
          {
            "component": "tableA",
            "ref": "KFQrf4mEz0UPmUaFHwH4T6"
          },
          {
            "component": "tableB",
            "ref": "dXhIygNwNMVPEqFbsFJkn6"
          }
        ]
      }
    ]
  }
}