{
  "tableCfgs": {
    "_hash": "j3kdvPrEzWO5lBJMBuJ1m7",
    "_data": [
      {
        "version": 0,
        "_hash": "xWI80T2DgZBTm7GEY7siT1",
        "key": "table",
        "type": "components",
        "isHead": false,
        "isRoot": false,
        "isShared": true,
        "columns": [
          {
            "key": "int",
            "type": "number",
            "_hash": "J-rki_omMRDnv_GF0hqn39"
          },
          {
            "key": "double",
            "type": "number",
            "_hash": "XD0G8ZLa0-tKYnVUuEwkdS"
          },
          {
            "key": "string",
            "type": "string",
            "_hash": "eg0iPUTzUY2j_xTKwRIrUp"
          },
          {
            "key": "boolean",
            "type": "boolean",
            "_hash": "16MfBHbWYzez1R4r8NoPYp"
          },
          {
            "key": "null",
            "type": "string",
            "_hash": "hitpP-3Kxy0kcfrNU6YIo1"
          },
          {
            "key": "jsonArray",
            "type": "jsonArray",
            "_hash": "PMwRJkviMj35S60qjN3UpG"
          },
          {
            "key": "json",
            "type": "json",
            "_hash": "NuhgezXe-Mkdf-hg96MNLG"
          },
          {
            "key": "jsonValue",
            "type": "jsonValue",
            "_hash": "1LtHkc_tVAXXqH2OFXQ8rG"
          }
        ]
      }
    ]
  },
  "table": {
    "_tableCfg": "xWI80T2DgZBTm7GEY7siT1",
    "_data": [
      {
        "int": 5,
        "double": 5.5,
        "string": "a",
        "boolean": true,
        "null": null,
        "jsonArray": [
          1,
          "a",
          true,
          null,
          [
            1,
            "a",
            true,
            null
          ],
          {
            "a": 1
          }
        ],
        "json": {
          "a": 1,
          "b": {
            "c": 2
          }
        },
        "jsonValue": 3
      }
    ],
    "_hash": ""
  }
}