{
  "brok$en": {
    "_type": "components",
    "_data": []
  }
}
