{
  "tableA": {
    "_type": "components",
    "_data": [
      {
        "keyA0": "a0"
      },
      {
        "keyA1": "a1"
      }
    ]
  },
  "tableB": {
    "_type": "components",
    "_data": [
      {
        "tableARef": "MISSINGREF"
      }
    ]
  }
}