{
  "idSets": {
    "_type": "idSets",
    "_data": [
      {
        "add": [
          "id0",
          "id1"
        ],
        "_hash": "MgHRBYSrhpyl4rvsOmAWcQ"
      }
    ],
    "_hash": "ha3u_Et6DXSHLr2ncTV6MB"
  },
  "properties": {
    "_type": "properties",
    "_data": [
      {
        "a": "0",
        "_hash": "AFhW-fMzdCiz6bUZscp1Lf"
      },
      {
        "a": "1",
        "_hash": "mv6w8rID8lQxLsje1EHQMY"
      }
    ],
    "_hash": "QnrUL_NvlY6K1qSnjgFDP8"
  },
  "collections": {
    "_type": "collections",
    "_data": [
      {
        "idSetsTable": "idSets",
        "idSet": "MgHRBYSrhpyl4rvsOmAWcQ",
        "propertiesTable": "properties",
        "assign": {
          "_hash": "RBNvo1WzZ4oRRq0W9-hknp"
        },
        "_hash": "Bqv4AEhsA71SnW2VScKrzA"
      },
      {
        "base": "Bqv4AEhsA71SnW2VScKrzA",
        "idSetsTable": "idSets",
        "idSet": "MISSING1",
        "propertiesTable": "properties",
        "assign": {
          "id0": "AFhW-fMzdCiz6bUZscp1Lf",
          "id1": "mv6w8rID8lQxLsje1EHQMY",
          "_hash": "MjlS39OaUdiaxDA9LrWxDH"
        },
        "_hash": "zWVlvlVKjdRvqlrYuxoR_a"
      }
    ],
    "_hash": "aHI9mhcETeU0gaZaP5GOLu"
  },
  "cakes": {
    "_type": "cakes",
    "_data": [
      {
        "idSetsTable": "idSets",
        "idSet": "MgHRBYSrhpyl4rvsOmAWcQ",
        "collections": "collections",
        "layers": {
          "layer0": "Bqv4AEhsA71SnW2VScKrzA",
          "layer1": "nInjR03jNCy6SXhoOXSj0O",
          "_hash": "KJL_bb1AFJ4HYnx49-cLo-"
        },
        "_hash": "j1JqXbLomSWyuvru3yJUmk"
      }
    ],
    "_hash": "JHVN9JQEfY7v8DM_RjMg-p"
  },
  "buffets": {
    "_type": "buffets",
    "_data": [
      {
        "items": [
          {
            "table": "cakes",
            "ref": "j1JqXbLomSWyuvru3yJUmk",
            "_hash": "2V0AUul9-QzYbLWohnq4l-"
          },
          {
            "table": "collections",
            "ref": "Bqv4AEhsA71SnW2VScKrzA",
            "_hash": "6Hb8w4ofefgsdiHe2L8mHM"
          }
        ],
        "_hash": "-Qek-wJfLqXiNKSsZ4Vefy"
      }
    ],
    "_hash": "gyst4J-mDxuFIFcd1-d-2o"
  },
  "_hash": "P_NMXEE-Ta2DtDj3EpDlkV"
}