{
  "idSets": {
    "_type": "idSets",
    "_data": [
      {
        "add": [
          "id0",
          "id1"
        ],
        "_hash": "MgHRBYSrhpyl4rvsOmAWcQ"
      }
    ],
    "_hash": "ha3u_Et6DXSHLr2ncTV6MB"
  },
  "layers": {
    "_type": "layers",
    "_data": [
      {
        "idSetsTable": "idSets",
        "idSet": "MgHRBYSrhpyl4rvsOmAWcQ",
        "propertiesTable": "properties",
        "assign": {
          "_hash": "RBNvo1WzZ4oRRq0W9-hknp"
        },
        "_hash": "Bqv4AEhsA71SnW2VScKrzA"
      },
      {
        "base": "Bqv4AEhsA71SnW2VScKrzA",
        "idSetsTable": "idSets",
        "idSet": "MgHRBYSrhpyl4rvsOmAWcQ",
        "propertiesTable": "properties",
        "assign": {
          "id0": "AFhW-fMzdCiz6bUZscp1Lf",
          "id1": "mv6w8rID8lQxLsje1EHQMY",
          "_hash": "MjlS39OaUdiaxDA9LrWxDH"
        },
        "_hash": "nInjR03jNCy6SXhoOXSj0O"
      }
    ],
    "_hash": "hpwoIh_eQgNQV96OJh6HZh"
  },
  "cakes": {
    "_type": "cakes",
    "_data": [
      {
        "idSetsTable": "idSets",
        "idSet": "MgHRBYSrhpyl4rvsOmAWcQ",
        "layersTable": "layers",
        "layers": {
          "layer0": "Bqv4AEhsA71SnW2VScKrzA",
          "layer1": "nInjR03jNCy6SXhoOXSj0O",
          "_hash": "KJL_bb1AFJ4HYnx49-cLo-"
        },
        "_hash": "oHhKZqmZgX-w4YTggIO_YQ"
      }
    ],
    "_hash": "sIE5KGvhtcWu3D8KJ7vksl"
  },
  "buffets": {
    "_type": "buffets",
    "_data": [
      {
        "items": [
          {
            "table": "cakes",
            "ref": "oHhKZqmZgX-w4YTggIO_YQ",
            "_hash": "DXNDAFNSLYaZhciBFVsDhD"
          },
          {
            "table": "layers",
            "ref": "Bqv4AEhsA71SnW2VScKrzA",
            "_hash": "6Hb8w4ofefgsdiHe2L8mHM"
          }
        ],
        "_hash": "04vIzK7cG-GOeT_xyOG_DT"
      }
    ],
    "_hash": "MtnOj3mkb9hQiDFGC6_3TD"
  }
}