{
  "buffets": {
    "_type": "buffets",
    "_data": {
      "U_jOj8kP2VUm1Qtl_jcmQc": {
        "id": "salesCounter",
        "items": [
          {
            "table": "cakes",
            "ref": "hlr-FfkdKeVevM8w6Lcgj9",
            "_hash": "eKgoI_lH97rY_8ayY-TLkr"
          }
        ],
        "_hash": "U_jOj8kP2VUm1Qtl_jcmQc"
      }
    },
    "_hash": "AOvQHb-asNsem-uoiII_es"
  },
  "cakes": {
    "_type": "cakes",
    "_data": {
      "hlr-FfkdKeVevM8w6Lcgj9": {
        "id": "cake1",
        "sliceIds": {
          "table": "slices",
          "row": "wyYfK5E4ArrMKQ_zvi2-EE",
          "_hash": "btT_a5o_PaicuRuiTC-qmV"
        },
        "layersTable": "layers",
        "layers": {
          "flour": "ejCUGu27w6MImR4IrjWrO2",
          "_hash": "zIlxU0GAahKLlvhd5rBaJ0"
        },
        "_hash": "hlr-FfkdKeVevM8w6Lcgj9"
      }
    },
    "_hash": "0FN3Djch0IvelqPObdo46g"
  },
  "slices": {
    "_type": "sliceIds",
    "_data": {
      "wyYfK5E4ArrMKQ_zvi2-EE": {
        "add": [
          "slice0",
          "slice1"
        ],
        "remove": [],
        "_hash": "wyYfK5E4ArrMKQ_zvi2-EE"
      }
    },
    "_hash": "cnGg1WO4AHE2QX2CO2_aQL"
  },
  "layers": {
    "_type": "layers",
    "_data": {
      "ejCUGu27w6MImR4IrjWrO2": {
        "ingredientsTable": "recipes",
        "assign": {
          "slice0": "X9vvgEPWmnqbooxdvYg2OS",
          "slice1": "X9vvgEPWmnqbooxdvYg2OS",
          "_hash": "s6xhIEUa99p8uatRtudEU4"
        },
        "_hash": "ejCUGu27w6MImR4IrjWrO2"
      }
    },
    "_hash": "23buS4VlpPzwu5sbPeehv9"
  },
  "recipes": {
    "_type": "layers",
    "_data": {
      "X9vvgEPWmnqbooxdvYg2OS": {
        "id": "tastyCake",
        "ingredientsTable": "recipeIngredients",
        "sliceIds": {
          "table": "slices",
          "row": "wyYfK5E4ArrMKQ_zvi2-EE",
          "_hash": "btT_a5o_PaicuRuiTC-qmV"
        },
        "assign": {
          "flour": "4coxp7hPCsH7hSnAVeUVZj",
          "_hash": "5LxOnZOPBtIqV3PlOC_ulB"
        },
        "_hash": "X9vvgEPWmnqbooxdvYg2OS"
      }
    },
    "_hash": "u-KocLUmJ5eWm3R8pvzhNe"
  },
  "recipeIngredients": {
    "_type": "ingredients",
    "_data": {
      "4coxp7hPCsH7hSnAVeUVZj": {
        "id": "flour",
        "ingredientsRef": "A5d-4if1fQpQERfwFsjKqb",
        "quantity": 500,
        "_hash": "4coxp7hPCsH7hSnAVeUVZj"
      }
    },
    "_hash": "L_GjhRhKBQ1699guawlhj9"
  },
  "ingredients": {
    "_type": "ingredients",
    "_data": {
      "A5d-4if1fQpQERfwFsjKqb": {
        "id": "flour",
        "amountUnit": "g",
        "nutritionalValuesRef": "R165gWZn_Pcj_je3AwSsXI",
        "_hash": "A5d-4if1fQpQERfwFsjKqb"
      }
    },
    "_hash": "lJ15nqUpRVXq2fMG7V5Pnd"
  },
  "nutritionalValues": {
    "_type": "ingredients",
    "_data": {
      "R165gWZn_Pcj_je3AwSsXI": {
        "id": "flour",
        "energy": 364,
        "fat": 0.98,
        "protein": 10.33,
        "carbohydrates": 76.31,
        "_hash": "R165gWZn_Pcj_je3AwSsXI"
      },
      "IqeoWJjZQNlr-NVk2QT15B": {
        "id": "flour",
        "energy": 364.1,
        "fat": 0.981,
        "protein": 10.331,
        "carbohydrates": 76.311,
        "_hash": "IqeoWJjZQNlr-NVk2QT15B"
      }
    },
    "_hash": "5CrNbJK8Yl7YS4rvbp5KaQ"
  },
  "_hash": "g0yQ0Fd_wvhvNRzK8-ALY4"
}