{
  "sliceIds": {
    "_data": [
      {
        "add": [
          "id0",
          "id1"
        ],
        "_hash": "MgHRBYSrhpyl4rvsOmAWcQ"
      }
    ],
    "_hash": "qRZufOu87nL9T7lgt-vx-W"
  },
  "components": {
    "_data": [
      {
        "a": "0",
        "_hash": "AFhW-fMzdCiz6bUZscp1Lf"
      },
      {
        "a": "1",
        "_hash": "mv6w8rID8lQxLsje1EHQMY"
      }
    ],
    "_hash": "xSNfMXowSPlvvhYPoMp6PX"
  },
  "layers": {
    "_data": [
      {
        "sliceIdsTable": "sliceIds",
        "sliceIdsTableRow": "MgHRBYSrhpyl4rvsOmAWcQ",
        "componentsTable": "components",
        "assign": {
          "id0": "AFhW-fMzdCiz6bUZscp1Lf",
          "id1": "mv6w8rID8lQxLsje1EHQMY",
          "_hash": "MjlS39OaUdiaxDA9LrWxDH"
        },
        "_hash": "xkO1IYt1RvjR_uf5mGSDaG"
      },
      {
        "base": "xkO1IYt1RvjR_uf5mGSDaG",
        "sliceIdsTable": "sliceIds",
        "sliceIdsTableRow": "MgHRBYSrhpyl4rvsOmAWcQ",
        "componentsTable": "components",
        "assign": {
          "id0": "AFhW-fMzdCiz6bUZscp1Lf",
          "id1": "mv6w8rID8lQxLsje1EHQMY",
          "_hash": "MjlS39OaUdiaxDA9LrWxDH"
        },
        "_hash": "IFoCIa-kc4v5fBeyMCmgW6"
      }
    ],
    "_hash": "RVMglQjQ3cS29VPaiqssRt"
  },
  "cakes": {
    "_data": [
      {
        "sliceIdsTable": "sliceIds",
        "sliceIdsRow": "MgHRBYSrhpyl4rvsOmAWcQ",
        "layersTable": "layers",
        "layers": {
          "layer0": "xkO1IYt1RvjR_uf5mGSDaG",
          "layer1": "IFoCIa-kc4v5fBeyMCmgW6",
          "_hash": "2AscehaKrLM42TT174-7Oh"
        },
        "_hash": "NEnWt_FaarNHlKtQv9FUWe"
      }
    ],
    "_hash": "khtfBUeIVa8C25aV61fxtj"
  },
  "buffets": {
    "_data": [
      {
        "items": [
          {
            "table": "MISSING0",
            "ref": "NEnWt_FaarNHlKtQv9FUWe",
            "_hash": "T-ew_iHiqHBN1pse74Eb_b"
          },
          {
            "table": "MISSING1",
            "ref": "xkO1IYt1RvjR_uf5mGSDaG",
            "_hash": "q_resnD6jdodNiEShuSNyU"
          }
        ],
        "_hash": "F-Fmfzh2FYTmypsb7kHpfy"
      }
    ],
    "_hash": "mYA-C4T_EfNZqJDB9L3Y6T"
  },
  "_hash": "1qUrm0Z4LPLvq_0MUkOTwp"
}