{
  "sliceIds": {
    "_data": [
      {
        "add": [
          "id0",
          "id1"
        ],
        "_hash": "MgHRBYSrhpyl4rvsOmAWcQ"
      }
    ],
    "_hash": "qRZufOu87nL9T7lgt-vx-W"
  },
  "ingredients": {
    "_data": [
      {
        "a": "0",
        "_hash": "AFhW-fMzdCiz6bUZscp1Lf"
      },
      {
        "a": "1",
        "_hash": "mv6w8rID8lQxLsje1EHQMY"
      }
    ],
    "_hash": "xSNfMXowSPlvvhYPoMp6PX"
  },
  "layers": {
    "_data": [
      {
        "sliceIdsTable": "sliceIds",
        "sliceIdsTableRow": "MgHRBYSrhpyl4rvsOmAWcQ",
        "ingredientsTable": "ingredients",
        "assign": {
          "id0": "AFhW-fMzdCiz6bUZscp1Lf",
          "id1": "mv6w8rID8lQxLsje1EHQMY",
          "_hash": "MjlS39OaUdiaxDA9LrWxDH"
        },
        "_hash": "iYq_Gx3q5-4fe9IkN6oJRu"
      },
      {
        "base": "iYq_Gx3q5-4fe9IkN6oJRu",
        "sliceIdsTable": "sliceIds",
        "sliceIdsTableRow": "MgHRBYSrhpyl4rvsOmAWcQ",
        "ingredientsTable": "ingredients",
        "assign": {
          "id0": "AFhW-fMzdCiz6bUZscp1Lf",
          "id1": "mv6w8rID8lQxLsje1EHQMY",
          "_hash": "MjlS39OaUdiaxDA9LrWxDH"
        },
        "_hash": "eKOETNpRGYDpjww6jkRisR"
      }
    ],
    "_hash": "gJAQCdT2b7UN-0OjRLsPej"
  },
  "cakes": {
    "_data": [
      {
        "sliceIdsTable": "sliceIds",
        "sliceIdsRow": "MgHRBYSrhpyl4rvsOmAWcQ",
        "layersTable": "layers",
        "layers": {
          "layer0": "iYq_Gx3q5-4fe9IkN6oJRu",
          "layer1": "eKOETNpRGYDpjww6jkRisR",
          "_hash": "ApT0dhvVnFQsPycgOn9IQV"
        },
        "_hash": "lpbYKBpCtl6oONls63aZRg"
      }
    ],
    "_hash": "Z_ERyi3DS48ANtDF7w_WxL"
  },
  "buffets": {
    "_data": [
      {
        "items": [
          {
            "table": "cakes",
            "ref": "MISSING0",
            "_hash": "E2C2VY6jddg_dbpOm8XPQw"
          },
          {
            "table": "layers",
            "ref": "MISSING1",
            "_hash": "u7vovIk9s-UhbDm_N29Bt0"
          }
        ],
        "_hash": "SkP-dNHpemvdC02UVyf0ad"
      }
    ],
    "_hash": "IlRO1XjV8gRXAObpib6hDD"
  },
  "_hash": "zlWiQnT_B9isd7A7iGNP2J"
}